
R version 3.6.0 (2019-04-26) -- "Planting of a Tree"
Copyright (C) 2019 The R Foundation for Statistical Computing
Platform: x86_64-pc-linux-gnu (64-bit)

R is free software and comes with ABSOLUTELY NO WARRANTY.
You are welcome to redistribute it under certain conditions.
Type 'license()' or 'licence()' for distribution details.

R is a collaborative project with many contributors.
Type 'contributors()' for more information and
'citation()' on how to cite R or R packages in publications.

Type 'demo()' for some demos, 'help()' for on-line help, or
'help.start()' for an HTML browser interface to help.
Type 'q()' to quit R.

Bioconductor version 3.9 (BiocManager 1.30.9), ?BiocManager::install for help
> args <- (commandArgs(trailingOnly = TRUE))
> for (i in seq_len(length(args))) {
+     eval(parse(text = args[[i]]))
+ }
> 
> print(outtxt)
[1] "example_dataset/output/Rout/pkginstall_state.txt"
> print(annotation)
[1] "Ensembl"
> print(organism)
[1] "Homo_sapiens"
> print(ncores)
[1] "1"
> 
> (mirror <- getOption("repos"))
                                            CRAN 
"https://mran.microsoft.com/snapshot/2019-05-07" 
> 
> ## The function to install packages that are not installed
> usePackage <- function(pkgs) {
+     
+     # install BiocManager package
+     isBiocM <- "BiocManager" %in% installed.packages()[, 1]
+     if (!isBiocM) {
+         install.packages("BiocManager", repos = "http://cran.rstudio.com/",
+                          lib = .libPaths()[1])
+     }
+     
+     # install the other packages
+     isInstalled <- pkgs %in% installed.packages()[, 1]
+     BiocManager::install(pkgs[!isInstalled],
+                          update = FALSE, dependencies = TRUE,
+                          lib = .libPaths()[1], Ncpus=as.integer(ncores))
+     
+     pkg.load <- lapply(pkgs, FUN = function(x) {
+         x[!(x %in% installed.packages()[, "Package"])]
+     })
+     
+     if (length(unlist(pkg.load)) == 0) {
+         cat("All required packages are installed \n")
+     } else {
+         cat(unlist(pkg.load), ": failed to install")
+     }
+     
+     ## Test whether packages could be loaded successfully
+     suppressPackageStartupMessages(
+         lapply(pkgs, library, character.only = TRUE)
+     )
+     
+     sink(outtxt)
+     cat("packages loaded successfully: \n",
+         pkgs[pkgs %in% loadedNamespaces()])
+     sink()
+ }
> 
> 
> paths <- .libPaths()
> print(paths)
[1] "/usr/local/lib/R/site-library" "/usr/local/lib/R/library"     
> 
> ## Install packages
> pkgs.use <- c("dplyr", "ggplot2", "tidyr", "remotes", "limma", "edgeR",
+               "S4Vectors", "DRIMSeq", "SingleCellExperiment", "tximeta", "msigdbr")
> 
> 
> if(annotation == "Gencode") {
+   if(organism == "Homo_sapiens") {
+     pkgs.extra = "org.Hs.eg.db"
+   } else {
+     pkgs.extra = "org.Mm.eg.db"
+   }
+   pkgs.use <- c(pkgs.use, pkgs.extra)
+ }
>   
> 
> usePackage(pkgs = pkgs.use)
Bioconductor version 3.9 (BiocManager 1.30.9), R 3.6.0 (2019-04-26)
All required packages are installed 
> 
> 
> ## Session info
> sessionInfo()
R version 3.6.0 (2019-04-26)
Platform: x86_64-pc-linux-gnu (64-bit)
Running under: Debian GNU/Linux 9 (stretch)

Matrix products: default
BLAS/LAPACK: /usr/lib/libopenblasp-r0.2.19.so

locale:
 [1] LC_CTYPE=en_US.UTF-8       LC_NUMERIC=C              
 [3] LC_TIME=en_US.UTF-8        LC_COLLATE=en_US.UTF-8    
 [5] LC_MONETARY=en_US.UTF-8    LC_MESSAGES=C             
 [7] LC_PAPER=en_US.UTF-8       LC_NAME=C                 
 [9] LC_ADDRESS=C               LC_TELEPHONE=C            
[11] LC_MEASUREMENT=en_US.UTF-8 LC_IDENTIFICATION=C       

attached base packages:
[1] parallel  stats4    stats     graphics  grDevices utils     datasets 
[8] methods   base     

other attached packages:
 [1] msigdbr_7.0.1               tximeta_1.2.2              
 [3] SingleCellExperiment_1.6.0  SummarizedExperiment_1.14.1
 [5] DelayedArray_0.10.0         BiocParallel_1.18.1        
 [7] matrixStats_0.55.0          Biobase_2.44.0             
 [9] GenomicRanges_1.36.1        GenomeInfoDb_1.20.0        
[11] IRanges_2.18.3              DRIMSeq_1.12.0             
[13] S4Vectors_0.22.1            BiocGenerics_0.30.0        
[15] edgeR_3.26.8                limma_3.40.6               
[17] remotes_2.1.0               tidyr_1.0.0                
[19] ggplot2_3.2.1               dplyr_0.8.3                
[21] BiocManager_1.30.9         

loaded via a namespace (and not attached):
 [1] httr_1.4.1               jsonlite_1.6             bit64_0.9-7             
 [4] assertthat_0.2.1         BiocFileCache_1.8.0      blob_1.2.0              
 [7] Rsamtools_2.0.3          GenomeInfoDbData_1.2.1   progress_1.2.2          
[10] pillar_1.4.2             RSQLite_2.1.2            backports_1.1.5         
[13] lattice_0.20-38          glue_1.3.1               digest_0.6.22           
[16] XVector_0.24.0           colorspace_1.4-1         Matrix_1.2-17           
[19] plyr_1.8.4               XML_3.98-1.20            pkgconfig_2.0.3         
[22] biomaRt_2.40.5           zlibbioc_1.30.0          purrr_0.3.3             
[25] scales_1.0.0             tibble_2.1.3             AnnotationFilter_1.8.0  
[28] withr_2.1.2              GenomicFeatures_1.36.4   lazyeval_0.2.2          
[31] magrittr_1.5             crayon_1.3.4             memoise_1.1.0           
[34] tools_3.6.0              prettyunits_1.0.2        hms_0.5.2               
[37] lifecycle_0.1.0          stringr_1.4.0            munsell_0.5.0           
[40] locfit_1.5-9.1           ensembldb_2.8.1          AnnotationDbi_1.46.1    
[43] Biostrings_2.52.0        compiler_3.6.0           rlang_0.4.1             
[46] grid_3.6.0               RCurl_1.95-4.12          tximport_1.12.3         
[49] rappdirs_0.3.1           bitops_1.0-6             gtable_0.3.0            
[52] DBI_1.0.0                curl_4.2                 reshape2_1.4.3          
[55] R6_2.4.0                 GenomicAlignments_1.20.1 rtracklayer_1.44.4      
[58] bit_1.1-14               zeallot_0.1.0            ProtGenerics_1.16.0     
[61] stringi_1.4.3            Rcpp_1.0.2               vctrs_0.2.0             
[64] dbplyr_1.4.2             tidyselect_0.2.5        
> date()
[1] "Mon Nov 11 11:17:09 2019"
> 
> 
> proc.time()
   user  system elapsed 
 11.770   2.760  16.203 
